<html>
<body>
<pre>
<h1>礦ision Build Log</h1>
<h2>Tool Versions:</h2>
IDE-Version: μVision V5.18.0.0
Copyright (C) 2016 ARM Ltd and ARM Germany GmbH. All rights reserved.
License Information: d d, d, LIC=R4HEV-P9JW2-VG67J-U12GA-8HHE5-F68TF
 
Tool Versions:
Toolchain:       MDK-ARM Professional  Version: 5.18
Toolchain Path:  D:\keil5\ARM\ARMCC\Bin
C Compiler:      Armcc.exe V5.06 update 1 (build 61)
Assembler:       Armasm.exe V5.06 update 1 (build 61)
Linker/Locator:  ArmLink.exe V5.06 update 1 (build 61)
Library Manager: ArmAr.exe V5.06 update 1 (build 61)
Hex Converter:   FromElf.exe V5.06 update 1 (build 61)
CPU DLL:         SARMCM3.DLL V5.18
Dialog DLL:      DCM.DLL V1.13.6.0
Target DLL:      Segger\JL2CM3.dll V2.99.18.0
Dialog DLL:      TCM.DLL V1.14.8.0
 
<h2>Project:</h2>
D:\单片机\工程训练\2022工训车代码\新主控代码\新主控代码2022-1-19\麦轮版——轻装版四驱车源码V2\User\Minibalance.uvprojx
Project File Date:  03/01/2022

<h2>Output:</h2>
*** Using Compiler 'V5.06 update 1 (build 61)', folder: 'D:\keil5\ARM\ARMCC\Bin'
Build target 'Minibalance'
compiling Auto.c...
..\MiniBalance\Auto_mod\Auto.h(8): warning:  #1295-D: Deprecated declaration GetToQRcode - give arg types
  extern void GetToQRcode();//前??维?氲氐?
..\MiniBalance\Auto_mod\Auto.h(9): warning:  #1295-D: Deprecated declaration GetToMateralStorage - give arg types
  extern void GetToMateralStorage();//前??原????
..\MiniBalance\Auto_mod\Auto.h(10): warning:  #1295-D: Deprecated declaration GetToRoughProduct - give arg types
  extern void GetToRoughProduct();//前?旨庸???
..\MiniBalance\Auto_mod\Auto.h(11): warning:  #1295-D: Deprecated declaration GetToSemifinishedProduct - give arg types
  extern void GetToSemifinishedProduct();//前?氤?品??
..\MiniBalance\Auto_mod\Auto.h(12): warning:  #1295-D: Deprecated declaration GetToDestination - give arg types
  extern void GetToDestination();//前???盏?
..\MiniBalance\Auto_mod\Auto.h(13): warning:  #1295-D: Deprecated declaration PostionInit - give arg types
  extern void PostionInit();
..\MiniBalance\Auto_mod\Auto.h(14): warning:  #1-D: last line of file ends without a newline
  extern void PostionDetect();
..\MiniBalance\Auto_mod\Auto.h(14): warning:  #1295-D: Deprecated declaration PostionDetect - give arg types
  extern void PostionDetect();
..\MiniBalance\Auto_mod\Auto.c(60): warning:  #1-D: last line of file ends without a newline
  }
..\MiniBalance\Auto_mod\Auto.c: 9 warnings, 0 errors
linking...
Program Size: Code=56866 RO-data=6886 RW-data=4364 ZI-data=3420  
FromELF: creating hex file...
"..\OBJ\Minibalance.axf" - 0 Error(s), 9 Warning(s).

<h2>Collection of Component include folders:</h2>
  D:\单片机\工程训练\2022工训车代码\新主控代码\新主控代码2022-1-19\麦轮版——轻装版四驱车源码V2\User\RTE
  D:\keil5\ARM\PACK\Keil\STM32F1xx_DFP\2.3.0\Device\Include

<h2>Collection of Component Files used:</h2>
Build Time Elapsed:  00:00:01
</pre>
</body>
</html>
